// Jest Snapshot v1, https://goo.gl/fbAQLP

exports[`<Header/> should render Header 1`] = `
<header>
  <div
    className="div-logo"
  >
    <p
      className="logo"
    >
      netflixroulette
    </p>
  </div>
  <h3>
    FIND YOUR MOVIE
  </h3>
  <form
    className="search-div"
    onSubmit={[Function]}
  >
    <input
      name="movie"
      onChange={[Function]}
      placeholder="Enter your movie"
      type="text"
      value=""
    />
    <button
      type="submit"
    >
      SEARCH
    </button>
  </form>
</header>
`;
